> Task :libs:common:compileJava UP-TO-DATE
> Task :libs:messaging-common:compileJava NO-SOURCE
> Task :libs:security-common:compileJava UP-TO-DATE
> Task :services:decision-engine:compileJava

BUILD SUCCESSFUL in 5s
3 actionable tasks: 1 executed, 2 up-to-date
