> Task :libs:security-common:processResources NO-SOURCE
> Task :libs:messaging-common:processResources NO-SOURCE
> Task :services:decision-engine:processResources UP-TO-DATE
> Task :services:decision-engine:processTestResources
> Task :libs:common:compileJava UP-TO-DATE
> Task :libs:messaging-common:compileJava NO-SOURCE
> Task :libs:common:processResources NO-SOURCE
> Task :libs:messaging-common:classes UP-TO-DATE
> Task :libs:common:classes UP-TO-DATE
> Task :libs:common:jar UP-TO-DATE
> Task :libs:messaging-common:jar UP-TO-DATE
> Task :libs:security-common:compileJava UP-TO-DATE
> Task :libs:security-common:classes UP-TO-DATE
> Task :libs:security-common:jar UP-TO-DATE
> Task :services:decision-engine:compileJava UP-TO-DATE
> Task :services:decision-engine:classes UP-TO-DATE
> Task :services:decision-engine:compileTestJava UP-TO-DATE
> Task :services:decision-engine:testClasses
./gradlew : Java HotSpot(TM) 64-Bit Server VM warning: Sharing is only supported for boot loader 
classes because bootstrap classpath has been appended
At line:1 char:1
+ ./gradlew :services:decision-engine:test > test_output.txt 2>&1
+ ~~~~~~~~~~~~~~~~~~~~~~~~~~~~~~~~~~~~~~~~~~~~~~~~~~~~~~~~~~~~~~~
    + CategoryInfo          : NotSpecified: (Java HotSpot(TM...s been appended:String) [], RemoteExcep 
   tion
    + FullyQualifiedErrorId : NativeCommandError
 
2026-01-26T09:03:37.666-05:00  INFO 37628 --- [ionShutdownHook] o.s.i.endpoint.EventDrivenConsumer       : Removing {logging-channel-adapter:_org.springframework.integration.errorLogger} as a subscriber to the 'errorChannel' channel
2026-01-26T09:03:37.666-05:00  INFO 37628 --- [ionShutdownHook] o.s.i.channel.PublishSubscribeChannel    : Channel 'application.errorChannel' has 0 subscriber(s).
2026-01-26T09:03:37.667-05:00  INFO 37628 --- [ionShutdownHook] o.s.i.endpoint.EventDrivenConsumer       : stopped bean '_org.springframework.integration.errorLogger'
2026-01-26T09:03:37.690-05:00  INFO 37628 --- [ionShutdownHook] o.f.j.s.i.a.AbstractAsyncExecutor        : Shutting down the async job executor [org.flowable.spring.job.service.SpringAsyncExecutor] for engine cmmn
2026-01-26T09:03:37.690-05:00  INFO 37628 --- [uire-timer-jobs] o.f.j.s.i.a.AcquireTimerJobsRunnable     : stopped async job due acquisition for engine cmmn
2026-01-26T09:03:37.690-05:00  INFO 37628 --- [et-expired-jobs] o.f.j.s.i.a.ResetExpiredJobsRunnable     : stopped resetting expired jobs for engine cmmn
2026-01-26T09:03:37.690-05:00  INFO 37628 --- [uire-async-jobs] o.f.j.s.i.a.AcquireAsyncJobsDueRunnable  : stopped async job due acquisition for engine cmmn
2026-01-26T09:03:37.694-05:00  INFO 37628 --- [ionShutdownHook] o.f.j.s.i.a.AbstractAsyncExecutor        : Shutting down the async job executor [org.flowable.spring.job.service.SpringAsyncExecutor] for engine bpmn
2026-01-26T09:03:37.694-05:00  INFO 37628 --- [uire-timer-jobs] o.f.j.s.i.a.AcquireTimerJobsRunnable     : stopped async job due acquisition for engine bpmn
2026-01-26T09:03:37.694-05:00  INFO 37628 --- [et-expired-jobs] o.f.j.s.i.a.ResetExpiredJobsRunnable     : stopped resetting expired jobs for engine bpmn
2026-01-26T09:03:37.695-05:00  INFO 37628 --- [uire-async-jobs] o.f.j.s.i.a.AcquireAsyncJobsDueRunnable  : stopped async job due acquisition for engine bpmn
2026-01-26T09:03:37.704-05:00  INFO 37628 --- [ionShutdownHook] j.LocalContainerEntityManagerFactoryBean : Closing JPA EntityManagerFactory for persistence unit 'default'
2026-01-26T09:03:37.707-05:00  INFO 37628 --- [ionShutdownHook] com.zaxxer.hikari.HikariDataSource       : HikariPool-1 - Shutdown initiated...
2026-01-26T09:03:37.710-05:00  INFO 37628 --- [ionShutdownHook] com.zaxxer.hikari.HikariDataSource       : HikariPool-1 - Shutdown completed.
> Task :services:decision-engine:test

BUILD SUCCESSFUL in 27s
10 actionable tasks: 2 executed, 8 up-to-date
